--------------------------------------------------------------------------------------
Timing Analyzer Summary
--------------------------------------------------------------------------------------

Type           : Worst-case tco
Slack          : N/A
Required Time  : None
Actual Time    : 22.800 ns
From           : SKUT_buffer:skut_buf0|altdpram:altdpram_component|q[7]
To             : DAC2_DB7
From Clock     : clk80
To Clock       : --
Failed Paths   : 0

Type           : Clock Setup: 'clk80'
Slack          : N/A
Required Time  : None
Actual Time    : 38.17 MHz ( period = 26.200 ns )
From           : globalReset:aClr|lpm_counter:count_rtl_0|alt_counter_f10ke:wysi_counter|counter_cell[0]
To             : globalReset:aClr|lpm_counter:count_rtl_0|alt_counter_f10ke:wysi_counter|counter_cell[63]
From Clock     : clk80
To Clock       : clk80
Failed Paths   : 0

Type           : Clock Setup: 'clk100'
Slack          : N/A
Required Time  : None
Actual Time    : 81.30 MHz ( period = 12.300 ns )
From           : UARTTXBIG:lcc_rq_uart|serialize[1]
To             : UARTTXBIG:lcc_rq_uart|tx
From Clock     : clk100
To Clock       : clk100
Failed Paths   : 0

Type           : Total number of failed paths
Slack          : 
Required Time  : 
Actual Time    : 
From           : 
To             : 
From Clock     : 
To Clock       : 
Failed Paths   : 0

--------------------------------------------------------------------------------------

